\BOOKMARK [1][-]{section.1}{\376\377\000P\000e\000n\000d\000a\000h\000u\000l\000u\000a\000n}{}% 1
\BOOKMARK [2][-]{subsection.1.1}{\376\377\000L\000a\000t\000a\000r\000\040\000B\000e\000l\000a\000k\000a\000n\000g}{section.1}% 2
\BOOKMARK [2][-]{subsection.1.2}{\376\377\000T\000u\000j\000u\000a\000n}{section.1}% 3
\BOOKMARK [2][-]{subsection.1.3}{\376\377\000C\000i\000t\000r\000a\000\040\000y\000a\000n\000g\000\040\000D\000i\000g\000u\000n\000a\000k\000a\000n}{section.1}% 4
\BOOKMARK [1][-]{section.2}{\376\377\000D\000a\000s\000a\000r\000\040\000T\000e\000o\000r\000i}{}% 5
\BOOKMARK [2][-]{subsection.2.1}{\376\377\000H\000i\000s\000t\000o\000g\000r\000a\000m\000\040\000C\000i\000t\000r\000a}{section.2}% 6
\BOOKMARK [2][-]{subsection.2.2}{\376\377\000H\000i\000s\000t\000o\000g\000r\000a\000m\000\040\000E\000q\000u\000a\000l\000i\000z\000a\000t\000i\000o\000n}{section.2}% 7
\BOOKMARK [3][-]{subsubsection.2.2.1}{\376\377\000C\000o\000n\000t\000o\000h\000\040\000P\000e\000r\000h\000i\000t\000u\000n\000g\000a\000n\000\040\000P\000e\000m\000e\000t\000a\000a\000n\000\040\000I\000n\000t\000e\000n\000s\000i\000t\000a\000s}{subsection.2.2}% 8
\BOOKMARK [1][-]{section.3}{\376\377\000M\000e\000t\000o\000d\000o\000l\000o\000g\000i\000\040\000d\000a\000n\000\040\000I\000m\000p\000l\000e\000m\000e\000n\000t\000a\000s\000i}{}% 9
\BOOKMARK [2][-]{subsection.3.1}{\376\377\000A\000l\000u\000r\000\040\000K\000e\000r\000j\000a}{section.3}% 10
\BOOKMARK [2][-]{subsection.3.2}{\376\377\000I\000m\000p\000l\000e\000m\000e\000n\000t\000a\000s\000i\000\040\000M\000a\000n\000u\000a\000l}{section.3}% 11
\BOOKMARK [2][-]{subsection.3.3}{\376\377\000V\000e\000r\000i\000f\000i\000k\000a\000s\000i\000\040\000t\000e\000r\000h\000a\000d\000a\000p\000\040\000O\000p\000e\000n\000C\000V}{section.3}% 12
\BOOKMARK [1][-]{section.4}{\376\377\000H\000a\000s\000i\000l\000\040\000d\000a\000n\000\040\000P\000e\000m\000b\000a\000h\000a\000s\000a\000n}{}% 13
\BOOKMARK [2][-]{subsection.4.1}{\376\377\000P\000e\000r\000b\000a\000n\000d\000i\000n\000g\000a\000n\000\040\000V\000i\000s\000u\000a\000l}{section.4}% 14
\BOOKMARK [2][-]{subsection.4.2}{\376\377\000P\000e\000r\000b\000a\000n\000d\000i\000n\000g\000a\000n\000\040\000H\000i\000s\000t\000o\000g\000r\000a\000m}{section.4}% 15
\BOOKMARK [2][-]{subsection.4.3}{\376\377\000S\000t\000a\000t\000i\000s\000t\000i\000k\000\040\000K\000u\000a\000n\000t\000i\000t\000a\000t\000i\000f}{section.4}% 16
\BOOKMARK [2][-]{subsection.4.4}{\376\377\000U\000j\000i\000\040\000T\000a\000m\000b\000a\000h\000a\000n}{section.4}% 17
\BOOKMARK [3][-]{subsubsection.4.4.1}{\376\377\000H\000E\000\040\000p\000a\000d\000a\000\040\000C\000i\000t\000r\000a\000\040\000d\000e\000n\000g\000a\000n\000\040\000K\000o\000n\000t\000r\000a\000s\000\040\000T\000i\000n\000g\000g\000i}{subsection.4.4}% 18
\BOOKMARK [3][-]{subsubsection.4.4.2}{\376\377\000H\000E\000\040\000p\000a\000d\000a\000\040\000C\000i\000t\000r\000a\000\040\000B\000e\000r\000w\000a\000r\000n\000a\000\040\000m\000e\000l\000a\000l\000u\000i\000\040\000H\000S\000V}{subsection.4.4}% 19
\BOOKMARK [1][-]{section.5}{\376\377\000K\000e\000s\000i\000m\000p\000u\000l\000a\000n}{}% 20
\BOOKMARK [1][-]{section.6}{\376\377\000R\000e\000f\000e\000r\000e\000n\000s\000i}{}% 21
\BOOKMARK [1][-]{section.A}{\376\377\000K\000o\000d\000e\000\040\000L\000e\000n\000g\000k\000a\000p}{}% 22
